Archive member included to satisfy reference by file (symbol)

c:/st/stm32cubeide_1.12.1/stm32cubeide/plugins/com.st.stm32cube.ide.mcu.externaltools.gnu-tools-for-stm32.10.3-2021.10.win32_1.0.200.202301161003/tools/bin/../lib/gcc/arm-none-eabi/10.3.1/../../../../arm-none-eabi/lib/thumb/v7-m/nofp\libc_nano.a(lib_a-errno.o)
                              ./Core/Src/syscalls.o (__errno)
c:/st/stm32cubeide_1.12.1/stm32cubeide/plugins/com.st.stm32cube.ide.mcu.externaltools.gnu-tools-for-stm32.10.3-2021.10.win32_1.0.200.202301161003/tools/bin/../lib/gcc/arm-none-eabi/10.3.1/../../../../arm-none-eabi/lib/thumb/v7-m/nofp\libc_nano.a(lib_a-exit.o)
                              c:/st/stm32cubeide_1.12.1/stm32cubeide/plugins/com.st.stm32cube.ide.mcu.externaltools.gnu-tools-for-stm32.10.3-2021.10.win32_1.0.200.202301161003/tools/bin/../lib/gcc/arm-none-eabi/10.3.1/../../../../arm-none-eabi/lib/thumb/v7-m/nofp/crt0.o (exit)
c:/st/stm32cubeide_1.12.1/stm32cubeide/plugins/com.st.stm32cube.ide.mcu.externaltools.gnu-tools-for-stm32.10.3-2021.10.win32_1.0.200.202301161003/tools/bin/../lib/gcc/arm-none-eabi/10.3.1/../../../../arm-none-eabi/lib/thumb/v7-m/nofp\libc_nano.a(lib_a-impure.o)
                              c:/st/stm32cubeide_1.12.1/stm32cubeide/plugins/com.st.stm32cube.ide.mcu.externaltools.gnu-tools-for-stm32.10.3-2021.10.win32_1.0.200.202301161003/tools/bin/../lib/gcc/arm-none-eabi/10.3.1/../../../../arm-none-eabi/lib/thumb/v7-m/nofp\libc_nano.a(lib_a-exit.o) (_global_impure_ptr)
c:/st/stm32cubeide_1.12.1/stm32cubeide/plugins/com.st.stm32cube.ide.mcu.externaltools.gnu-tools-for-stm32.10.3-2021.10.win32_1.0.200.202301161003/tools/bin/../lib/gcc/arm-none-eabi/10.3.1/../../../../arm-none-eabi/lib/thumb/v7-m/nofp\libc_nano.a(lib_a-init.o)
                              c:/st/stm32cubeide_1.12.1/stm32cubeide/plugins/com.st.stm32cube.ide.mcu.externaltools.gnu-tools-for-stm32.10.3-2021.10.win32_1.0.200.202301161003/tools/bin/../lib/gcc/arm-none-eabi/10.3.1/../../../../arm-none-eabi/lib/thumb/v7-m/nofp/crt0.o (__libc_init_array)
c:/st/stm32cubeide_1.12.1/stm32cubeide/plugins/com.st.stm32cube.ide.mcu.externaltools.gnu-tools-for-stm32.10.3-2021.10.win32_1.0.200.202301161003/tools/bin/../lib/gcc/arm-none-eabi/10.3.1/../../../../arm-none-eabi/lib/thumb/v7-m/nofp\libc_nano.a(lib_a-memset.o)
                              c:/st/stm32cubeide_1.12.1/stm32cubeide/plugins/com.st.stm32cube.ide.mcu.externaltools.gnu-tools-for-stm32.10.3-2021.10.win32_1.0.200.202301161003/tools/bin/../lib/gcc/arm-none-eabi/10.3.1/../../../../arm-none-eabi/lib/thumb/v7-m/nofp/crt0.o (memset)
c:/st/stm32cubeide_1.12.1/stm32cubeide/plugins/com.st.stm32cube.ide.mcu.externaltools.gnu-tools-for-stm32.10.3-2021.10.win32_1.0.200.202301161003/tools/bin/../lib/gcc/arm-none-eabi/10.3.1/../../../../arm-none-eabi/lib/thumb/v7-m/nofp\libc_nano.a(lib_a-sprintf.o)
                              ./Core/Src/lcd.o (sprintf)
c:/st/stm32cubeide_1.12.1/stm32cubeide/plugins/com.st.stm32cube.ide.mcu.externaltools.gnu-tools-for-stm32.10.3-2021.10.win32_1.0.200.202301161003/tools/bin/../lib/gcc/arm-none-eabi/10.3.1/../../../../arm-none-eabi/lib/thumb/v7-m/nofp\libc_nano.a(lib_a-strlen.o)
                              ./Core/Src/lcd.o (strlen)
c:/st/stm32cubeide_1.12.1/stm32cubeide/plugins/com.st.stm32cube.ide.mcu.externaltools.gnu-tools-for-stm32.10.3-2021.10.win32_1.0.200.202301161003/tools/bin/../lib/gcc/arm-none-eabi/10.3.1/../../../../arm-none-eabi/lib/thumb/v7-m/nofp\libc_nano.a(lib_a-nano-svfprintf.o)
                              c:/st/stm32cubeide_1.12.1/stm32cubeide/plugins/com.st.stm32cube.ide.mcu.externaltools.gnu-tools-for-stm32.10.3-2021.10.win32_1.0.200.202301161003/tools/bin/../lib/gcc/arm-none-eabi/10.3.1/../../../../arm-none-eabi/lib/thumb/v7-m/nofp\libc_nano.a(lib_a-sprintf.o) (_svfprintf_r)
c:/st/stm32cubeide_1.12.1/stm32cubeide/plugins/com.st.stm32cube.ide.mcu.externaltools.gnu-tools-for-stm32.10.3-2021.10.win32_1.0.200.202301161003/tools/bin/../lib/gcc/arm-none-eabi/10.3.1/../../../../arm-none-eabi/lib/thumb/v7-m/nofp\libc_nano.a(lib_a-nano-vfprintf_i.o)
                              c:/st/stm32cubeide_1.12.1/stm32cubeide/plugins/com.st.stm32cube.ide.mcu.externaltools.gnu-tools-for-stm32.10.3-2021.10.win32_1.0.200.202301161003/tools/bin/../lib/gcc/arm-none-eabi/10.3.1/../../../../arm-none-eabi/lib/thumb/v7-m/nofp\libc_nano.a(lib_a-nano-svfprintf.o) (_printf_i)
c:/st/stm32cubeide_1.12.1/stm32cubeide/plugins/com.st.stm32cube.ide.mcu.externaltools.gnu-tools-for-stm32.10.3-2021.10.win32_1.0.200.202301161003/tools/bin/../lib/gcc/arm-none-eabi/10.3.1/../../../../arm-none-eabi/lib/thumb/v7-m/nofp\libc_nano.a(lib_a-memchr-stub.o)
                              c:/st/stm32cubeide_1.12.1/stm32cubeide/plugins/com.st.stm32cube.ide.mcu.externaltools.gnu-tools-for-stm32.10.3-2021.10.win32_1.0.200.202301161003/tools/bin/../lib/gcc/arm-none-eabi/10.3.1/../../../../arm-none-eabi/lib/thumb/v7-m/nofp\libc_nano.a(lib_a-nano-svfprintf.o) (memchr)
[...]
Memory Configuration

Name             Origin             Length             Attributes
RAM              0x0000000020000000 0x0000000000002800 xrw
FLASH            0x0000000008000000 0x0000000000008000 xr
*default*        0x0000000000000000 0xffffffffffffffff

Linker script and memory map

LOAD c:/st/stm32cubeide_1.12.1/stm32cubeide/plugins/com.st.stm32cube.ide.mcu.externaltools.gnu-tools-for-stm32.10.3-2021.10.win32_1.0.200.202301161003/tools/bin/../lib/gcc/arm-none-eabi/10.3.1/thumb/v7-m/nofp/crti.o
LOAD c:/st/stm32cubeide_1.12.1/stm32cubeide/plugins/com.st.stm32cube.ide.mcu.externaltools.gnu-tools-for-stm32.10.3-2021.10.win32_1.0.200.202301161003/tools/bin/../lib/gcc/arm-none-eabi/10.3.1/thumb/v7-m/nofp/crtbegin.o
LOAD c:/st/stm32cubeide_1.12.1/stm32cubeide/plugins/com.st.stm32cube.ide.mcu.externaltools.gnu-tools-for-stm32.10.3-2021.10.win32_1.0.200.202301161003/tools/bin/../lib/gcc/arm-none-eabi/10.3.1/../../../../arm-none-eabi/lib/thumb/v7-m/nofp/crt0.o
LOAD ./Core/Src/lcd.o
LOAD ./Core/Src/main.o
LOAD ./Core/Src/stm32f1xx_hal_msp.o
LOAD ./Core/Src/stm32f1xx_it.o
LOAD ./Core/Src/syscalls.o
LOAD ./Core/Src/sysmem.o
LOAD ./Core/Src/system_stm32f1xx.o
LOAD ./Core/Startup/startup_stm32f103r6tx.o
LOAD ./Drivers/STM32F1xx_HAL_Driver/Src/stm32f1xx_hal.o
LOAD ./Drivers/STM32F1xx_HAL_Driver/Src/stm32f1xx_hal_cortex.o
LOAD ./Drivers/STM32F1xx_HAL_Driver/Src/stm32f1xx_hal_dma.o
LOAD ./Drivers/STM32F1xx_HAL_Driver/Src/stm32f1xx_hal_exti.o
LOAD ./Drivers/STM32F1xx_HAL_Driver/Src/stm32f1xx_hal_flash.o
LOAD ./Drivers/STM32F1xx_HAL_Driver/Src/stm32f1xx_hal_flash_ex.o
LOAD ./Drivers/STM32F1xx_HAL_Driver/Src/stm32f1xx_hal_gpio.o
LOAD ./Drivers/STM32F1xx_HAL_Driver/Src/stm32f1xx_hal_gpio_ex.o
LOAD ./Drivers/STM32F1xx_HAL_Driver/Src/stm32f1xx_hal_pwr.o
LOAD ./Drivers/STM32F1xx_HAL_Driver/Src/stm32f1xx_hal_rcc.o
LOAD ./Drivers/STM32F1xx_HAL_Driver/Src/stm32f1xx_hal_rcc_ex.o
START GROUP
LOAD c:/st/stm32cubeide_1.12.1/stm32cubeide/plugins/com.st.stm32cube.ide.mcu.externaltools.gnu-tools-for-stm32.10.3-2021.10.win32_1.0.200.202301161003/tools/bin/../lib/gcc/arm-none-eabi/10.3.1/../../../../arm-none-eabi/lib/thumb/v7-m/nofp\libc_nano.a
LOAD c:/st/stm32cubeide_1.12.1/stm32cubeide/plugins/com.st.stm32cube.ide.mcu.externaltools.gnu-tools-for-stm32.10.3-2021.10.win32_1.0.200.202301161003/tools/bin/../lib/gcc/arm-none-eabi/10.3.1/../../../../arm-none-eabi/lib/thumb/v7-m/nofp\libm.a
END GROUP
START GROUP
LOAD c:/st/stm32cubeide_1.12.1/stm32cubeide/plugins/com.st.stm32cube.ide.mcu.externaltools.gnu-tools-for-stm32.10.3-2021.10.win32_1.0.200.202301161003/tools/bin/../lib/gcc/arm-none-eabi/10.3.1/thumb/v7-m/nofp\libgcc.a
LOAD c:/st/stm32cubeide_1.12.1/stm32cubeide/plugins/com.st.stm32cube.ide.mcu.externaltools.gnu-tools-for-stm32.10.3-2021.10.win32_1.0.200.202301161003/tools/bin/../lib/gcc/arm-none-eabi/10.3.1/../../../../arm-none-eabi/lib/thumb/v7-m/nofp\libc_nano.a
END GROUP
START GROUP
LOAD c:/st/stm32cubeide_1.12.1/stm32cubeide/plugins/com.st.stm32cube.ide.mcu.externaltools.gnu-tools-for-stm32.10.3-2021.10.win32_1.0.200.202301161003/tools/bin/../lib/gcc/arm-none-eabi/10.3.1/thumb/v7-m/nofp\libgcc.a
LOAD c:/st/stm32cubeide_1.12.1/stm32cubeide/plugins/com.st.stm32cube.ide.mcu.externaltools.gnu-tools-for-stm32.10.3-2021.10.win32_1.0.200.202301161003/tools/bin/../lib/gcc/arm-none-eabi/10.3.1/../../../../arm-none-eabi/lib/thumb/v7-m/nofp\libc_nano.a
LOAD c:/st/stm32cubeide_1.12.1/stm32cubeide/plugins/com.st.stm32cube.ide.mcu.externaltools.gnu-tools-for-stm32.10.3-2021.10.win32_1.0.200.202301161003/tools/bin/../lib/gcc/arm-none-eabi/10.3.1/../../../../arm-none-eabi/lib/thumb/v7-m/nofp\libnosys.a
END GROUP
START GROUP
LOAD c:/st/stm32cubeide_1.12.1/stm32cubeide/plugins/com.st.stm32cube.ide.mcu.externaltools.gnu-tools-for-stm32.10.3-2021.10.win32_1.0.200.202301161003/tools/bin/../lib/gcc/arm-none-eabi/10.3.1/thumb/v7-m/nofp\libgcc.a
LOAD c:/st/stm32cubeide_1.12.1/stm32cubeide/plugins/com.st.stm32cube.ide.mcu.externaltools.gnu-tools-for-stm32.10.3-2021.10.win32_1.0.200.202301161003/tools/bin/../lib/gcc/arm-none-eabi/10.3.1/../../../../arm-none-eabi/lib/thumb/v7-m/nofp\libc_nano.a
LOAD c:/st/stm32cubeide_1.12.1/stm32cubeide/plugins/com.st.stm32cube.ide.mcu.externaltools.gnu-tools-for-stm32.10.3-2021.10.win32_1.0.200.202301161003/tools/bin/../lib/gcc/arm-none-eabi/10.3.1/../../../../arm-none-eabi/lib/thumb/v7-m/nofp\libnosys.a
END GROUP
LOAD c:/st/stm32cubeide_1.12.1/stm32cubeide/plugins/com.st.stm32cube.ide.mcu.externaltools.gnu-tools-for-stm32.10.3-2021.10.win32_1.0.200.202301161003/tools/bin/../lib/gcc/arm-none-eabi/10.3.1/thumb/v7-m/nofp/crtend.o
LOAD c:/st/stm32cubeide_1.12.1/stm32cubeide/plugins/com.st.stm32cube.ide.mcu.externaltools.gnu-tools-for-stm32.10.3-2021.10.win32_1.0.200.202301161003/tools/bin/../lib/gcc/arm-none-eabi/10.3.1/thumb/v7-m/nofp/crtn.o
                0x0000000020002800                _estack = (ORIGIN (RAM) + LENGTH (RAM))
                0x0000000000000200                _Min_Heap_Size = 0x200
                0x0000000000000400                _Min_Stack_Size = 0x400

.isr_vector     0x0000000008000000      0x10c
                0x0000000008000000                . = ALIGN (0x4)
 *(.isr_vector)
 .isr_vector    0x0000000008000000      0x10c ./Core/Startup/startup_stm32f103r6tx.o
                0x0000000008000000                g_pfnVectors
                0x000000000800010c                . = ALIGN (0x4)

.text           0x000000000800010c     0x1338
                0x000000000800010c                . = ALIGN (0x4)
 *(.text)
 .text          0x000000000800010c       0x40 c:/st/stm32cubeide_1.12.1/stm32cubeide/plugins/com.st.stm32cube.ide.mcu.externaltools.gnu-tools-for-stm32.10.3-2021.10.win32_1.0.200.202301161003/tools/bin/../lib/gcc/arm-none-eabi/10.3.1/thumb/v7-m/nofp/crtbegin.o
 .text          0x000000000800014c       0x10 c:/st/stm32cubeide_1.12.1/stm32cubeide/plugins/com.st.stm32cube.ide.mcu.externaltools.gnu-tools-for-stm32.10.3-2021.10.win32_1.0.200.202301161003/tools/bin/../lib/gcc/arm-none-eabi/10.3.1/../../../../arm-none-eabi/lib/thumb/v7-m/nofp\libc_nano.a(lib_a-strlen.o)
                0x000000000800014c                strlen
 *(.text*)
 .text.Lcd_create
                0x000000000800015c       0x56 ./Core/Src/lcd.o
                0x000000000800015c                Lcd_create
 .text.Lcd_init
                0x00000000080001b2       0x52 ./Core/Src/lcd.o
                0x00000000080001b2                Lcd_init
 .text.Lcd_string
                0x0000000008000204       0x3e ./Core/Src/lcd.o
                0x0000000008000204                Lcd_string
 *fill*         0x0000000008000242        0x2 
 .text.Lcd_cursor
                0x0000000008000244       0x34 ./Core/Src/lcd.o
                0x0000000008000244                Lcd_cursor
 .text.lcd_write_command
                0x0000000008000278       0x5c ./Core/Src/lcd.o
 .text.lcd_write_data
                0x00000000080002d4       0x5c ./Core/Src/lcd.o
 .text.lcd_write
                0x0000000008000330       0x80 ./Core/Src/lcd.o
 .text.main     0x00000000080003b0       0x94 ./Core/Src/main.o
                0x00000000080003b0                main
 .text.SystemClock_Config
                0x0000000008000444       0x76 ./Core/Src/main.o
                0x0000000008000444                SystemClock_Config
 *fill*         0x00000000080004ba        0x2 
 .text.MX_GPIO_Init
                0x00000000080004bc       0x68 ./Core/Src/main.o
 .text.Error_Handler
                0x0000000008000524        0xa ./Core/Src/main.o
                0x0000000008000524                Error_Handler
 *fill*         0x000000000800052e        0x2 
 .text.HAL_MspInit
                0x0000000008000530       0x44 ./Core/Src/stm32f1xx_hal_msp.o
                0x0000000008000530                HAL_MspInit
 .text.NMI_Handler
                0x0000000008000574        0x6 ./Core/Src/stm32f1xx_it.o
                0x0000000008000574                NMI_Handler
 .text.HardFault_Handler
                0x000000000800057a        0x6 ./Core/Src/stm32f1xx_it.o
                0x000000000800057a                HardFault_Handler
 .text.MemManage_Handler
                0x0000000008000580        0x6 ./Core/Src/stm32f1xx_it.o
                0x0000000008000580                MemManage_Handler
 .text.BusFault_Handler
                0x0000000008000586        0x6 ./Core/Src/stm32f1xx_it.o
                0x0000000008000586                BusFault_Handler
 .text.UsageFault_Handler
                0x000000000800058c        0x6 ./Core/Src/stm32f1xx_it.o
                0x000000000800058c                UsageFault_Handler
 .text.SVC_Handler
                0x0000000008000592        0xc ./Core/Src/stm32f1xx_it.o
                0x0000000008000592                SVC_Handler
 .text.DebugMon_Handler
                0x000000000800059e        0xc ./Core/Src/stm32f1xx_it.o
                0x000000000800059e                DebugMon_Handler
 .text.PendSV_Handler
                0x00000000080005aa        0xc ./Core/Src/stm32f1xx_it.o
                0x00000000080005aa                PendSV_Handler
 .text.SysTick_Handler
                0x00000000080005b6        0xc ./Core/Src/stm32f1xx_it.o
                0x00000000080005b6                SysTick_Handler
 .text.SystemInit
                0x00000000080005c2        0xc ./Core/Src/system_stm32f1xx.o
                0x00000000080005c2                SystemInit
 *fill*         0x00000000080005ce        0x2 
 .text.Reset_Handler
                0x00000000080005d0       0x48 ./Core/Startup/startup_stm32f103r6tx.o
                0x00000000080005d0                Reset_Handler
 .text.Default_Handler
                0x0000000008000618        0x2 ./Core/Startup/startup_stm32f103r6tx.o
                0x0000000008000618                RTC_Alarm_IRQHandler
                0x0000000008000618                EXTI2_IRQHandler
                0x0000000008000618                TIM1_CC_IRQHandler
                0x0000000008000618                PVD_IRQHandler
                0x0000000008000618                EXTI3_IRQHandler
                0x0000000008000618                EXTI0_IRQHandler
                0x0000000008000618                ADC1_2_IRQHandler
                0x0000000008000618                SPI1_IRQHandler
                0x0000000008000618                TAMPER_IRQHandler
                0x0000000008000618                DMA1_Channel4_IRQHandler
                0x0000000008000618                RTC_IRQHandler
                0x0000000008000618                DMA1_Channel7_IRQHandler
                0x0000000008000618                CAN1_RX1_IRQHandler
                0x0000000008000618                I2C1_EV_IRQHandler
                0x0000000008000618                DMA1_Channel6_IRQHandler
                0x0000000008000618                TIM3_IRQHandler
                0x0000000008000618                RCC_IRQHandler
                0x0000000008000618                TIM1_TRG_COM_IRQHandler
                0x0000000008000618                DMA1_Channel1_IRQHandler
                0x0000000008000618                Default_Handler
                0x0000000008000618                EXTI15_10_IRQHandler
                0x0000000008000618                EXTI9_5_IRQHandler
                0x0000000008000618                DMA1_Channel5_IRQHandler
                0x0000000008000618                EXTI4_IRQHandler
                0x0000000008000618                USB_LP_CAN1_RX0_IRQHandler
                0x0000000008000618                USB_HP_CAN1_TX_IRQHandler
                0x0000000008000618                DMA1_Channel3_IRQHandler
                0x0000000008000618                TIM1_UP_IRQHandler
                0x0000000008000618                WWDG_IRQHandler
                0x0000000008000618                TIM2_IRQHandler
                0x0000000008000618                TIM1_BRK_IRQHandler
                0x0000000008000618                EXTI1_IRQHandler
                0x0000000008000618                USART2_IRQHandler
                0x0000000008000618                DMA1_Channel2_IRQHandler
                0x0000000008000618                CAN1_SCE_IRQHandler
                0x0000000008000618                FLASH_IRQHandler
                0x0000000008000618                USART1_IRQHandler
                0x0000000008000618                I2C1_ER_IRQHandler
                0x0000000008000618                USBWakeUp_IRQHandler
 *fill*         0x000000000800061a        0x2 
 .text.HAL_Init
                0x000000000800061c       0x2c ./Drivers/STM32F1xx_HAL_Driver/Src/stm32f1xx_hal.o
                0x000000000800061c                HAL_Init
 .text.HAL_InitTick
                0x0000000008000648       0x60 ./Drivers/STM32F1xx_HAL_Driver/Src/stm32f1xx_hal.o
                0x0000000008000648                HAL_InitTick
 .text.HAL_IncTick
                0x00000000080006a8       0x24 ./Drivers/STM32F1xx_HAL_Driver/Src/stm32f1xx_hal.o
                0x00000000080006a8                HAL_IncTick
 .text.HAL_GetTick
                0x00000000080006cc       0x14 ./Drivers/STM32F1xx_HAL_Driver/Src/stm32f1xx_hal.o
                0x00000000080006cc                HAL_GetTick
 .text.HAL_Delay
                0x00000000080006e0       0x48 ./Drivers/STM32F1xx_HAL_Driver/Src/stm32f1xx_hal.o
                0x00000000080006e0                HAL_Delay
 .text.__NVIC_SetPriorityGrouping
                0x0000000008000728       0x48 ./Drivers/STM32F1xx_HAL_Driver/Src/stm32f1xx_hal_cortex.o
 .text.__NVIC_GetPriorityGrouping
                0x0000000008000770       0x1c ./Drivers/STM32F1xx_HAL_Driver/Src/stm32f1xx_hal_cortex.o
 .text.__NVIC_SetPriority
                0x000000000800078c       0x54 ./Drivers/STM32F1xx_HAL_Driver/Src/stm32f1xx_hal_cortex.o
 .text.NVIC_EncodePriority
                0x00000000080007e0       0x64 ./Drivers/STM32F1xx_HAL_Driver/Src/stm32f1xx_hal_cortex.o
 .text.SysTick_Config
                0x0000000008000844       0x44 ./Drivers/STM32F1xx_HAL_Driver/Src/stm32f1xx_hal_cortex.o
 .text.HAL_NVIC_SetPriorityGrouping
                0x0000000008000888       0x16 ./Drivers/STM32F1xx_HAL_Driver/Src/stm32f1xx_hal_cortex.o
                0x0000000008000888                HAL_NVIC_SetPriorityGrouping
 .text.HAL_NVIC_SetPriority
                0x000000000800089e       0x38 ./Drivers/STM32F1xx_HAL_Driver/Src/stm32f1xx_hal_cortex.o
                0x000000000800089e                HAL_NVIC_SetPriority
 .text.HAL_SYSTICK_Config
                0x00000000080008d6       0x18 ./Drivers/STM32F1xx_HAL_Driver/Src/stm32f1xx_hal_cortex.o
                0x00000000080008d6                HAL_SYSTICK_Config
 *fill*         0x00000000080008ee        0x2 
 .text.HAL_GPIO_Init
                0x00000000080008f0      0x2f8 ./Drivers/STM32F1xx_HAL_Driver/Src/stm32f1xx_hal_gpio.o
                0x00000000080008f0                HAL_GPIO_Init
 .text.HAL_GPIO_WritePin
                0x0000000008000be8       0x30 ./Drivers/STM32F1xx_HAL_Driver/Src/stm32f1xx_hal_gpio.o
                0x0000000008000be8                HAL_GPIO_WritePin
 .text.HAL_RCC_OscConfig
                0x0000000008000c18      0x504 ./Drivers/STM32F1xx_HAL_Driver/Src/stm32f1xx_hal_rcc.o
                0x0000000008000c18                HAL_RCC_OscConfig
 .text.HAL_RCC_ClockConfig
                0x000000000800111c      0x1d4 ./Drivers/STM32F1xx_HAL_Driver/Src/stm32f1xx_hal_rcc.o
                0x000000000800111c                HAL_RCC_ClockConfig
 .text.HAL_RCC_GetSysClockFreq
                0x00000000080012f0       0xa8 ./Drivers/STM32F1xx_HAL_Driver/Src/stm32f1xx_hal_rcc.o
                0x00000000080012f0                HAL_RCC_GetSysClockFreq
 .text.RCC_Delay
                0x0000000008001398       0x3c ./Drivers/STM32F1xx_HAL_Driver/Src/stm32f1xx_hal_rcc.o
 .text.__libc_init_array
                0x00000000080013d4       0x48 c:/st/stm32cubeide_1.12.1/stm32cubeide/plugins/com.st.stm32cube.ide.mcu.externaltools.gnu-tools-for-stm32.10.3-2021.10.win32_1.0.200.202301161003/tools/bin/../lib/gcc/arm-none-eabi/10.3.1/../../../../arm-none-eabi/lib/thumb/v7-m/nofp\libc_nano.a(lib_a-init.o)
                0x00000000080013d4                __libc_init_array
 .text.memset   0x000000000800141c       0x10 c:/st/stm32cubeide_1.12.1/stm32cubeide/plugins/com.st.stm32cube.ide.mcu.externaltools.gnu-tools-for-stm32.10.3-2021.10.win32_1.0.200.202301161003/tools/bin/../lib/gcc/arm-none-eabi/10.3.1/../../../../arm-none-eabi/lib/thumb/v7-m/nofp\libc_nano.a(lib_a-memset.o)
                0x000000000800141c                memset
 *(.glue_7)
 .glue_7        0x000000000800142c        0x0 linker stubs
 *(.glue_7t)
 .glue_7t       0x000000000800142c        0x0 linker stubs
 *(.eh_frame)
 .eh_frame      0x000000000800142c        0x0 c:/st/stm32cubeide_1.12.1/stm32cubeide/plugins/com.st.stm32cube.ide.mcu.externaltools.gnu-tools-for-stm32.10.3-2021.10.win32_1.0.200.202301161003/tools/bin/../lib/gcc/arm-none-eabi/10.3.1/thumb/v7-m/nofp/crtbegin.o
 *(.init)
 .init          0x000000000800142c        0x4 c:/st/stm32cubeide_1.12.1/stm32cubeide/plugins/com.st.stm32cube.ide.mcu.externaltools.gnu-tools-for-stm32.10.3-2021.10.win32_1.0.200.202301161003/tools/bin/../lib/gcc/arm-none-eabi/10.3.1/thumb/v7-m/nofp/crti.o
                0x000000000800142c                _init
 .init          0x0000000008001430        0x8 c:/st/stm32cubeide_1.12.1/stm32cubeide/plugins/com.st.stm32cube.ide.mcu.externaltools.gnu-tools-for-stm32.10.3-2021.10.win32_1.0.200.202301161003/tools/bin/../lib/gcc/arm-none-eabi/10.3.1/thumb/v7-m/nofp/crtn.o
 *(.fini)
 .fini          0x0000000008001438        0x4 c:/st/stm32cubeide_1.12.1/stm32cubeide/plugins/com.st.stm32cube.ide.mcu.externaltools.gnu-tools-for-stm32.10.3-2021.10.win32_1.0.200.202301161003/tools/bin/../lib/gcc/arm-none-eabi/10.3.1/thumb/v7-m/nofp/crti.o
                0x0000000008001438                _fini
 .fini          0x000000000800143c        0x8 c:/st/stm32cubeide_1.12.1/stm32cubeide/plugins/com.st.stm32cube.ide.mcu.externaltools.gnu-tools-for-stm32.10.3-2021.10.win32_1.0.200.202301161003/tools/bin/../lib/gcc/arm-none-eabi/10.3.1/thumb/v7-m/nofp/crtn.o
                0x0000000008001444                . = ALIGN (0x4)
                0x0000000008001444                _etext = .

.vfp11_veneer   0x0000000008001444        0x0
 .vfp11_veneer  0x0000000008001444        0x0 linker stubs

.v4_bx          0x0000000008001444        0x0
 .v4_bx         0x0000000008001444        0x0 linker stubs

.iplt           0x0000000008001444        0x0
 .iplt          0x0000000008001444        0x0 c:/st/stm32cubeide_1.12.1/stm32cubeide/plugins/com.st.stm32cube.ide.mcu.externaltools.gnu-tools-for-stm32.10.3-2021.10.win32_1.0.200.202301161003/tools/bin/../lib/gcc/arm-none-eabi/10.3.1/thumb/v7-m/nofp/crtbegin.o

.rodata         0x0000000008001444       0x54
                0x0000000008001444                . = ALIGN (0x4)
 *(.rodata)
 .rodata        0x0000000008001444       0x2c ./Core/Src/main.o
 *(.rodata*)
 .rodata.ROW_16
                0x0000000008001470        0x4 ./Core/Src/lcd.o
                0x0000000008001470                ROW_16
 .rodata.AHBPrescTable
                0x0000000008001474       0x10 ./Core/Src/system_stm32f1xx.o
                0x0000000008001474                AHBPrescTable
 .rodata.aPLLMULFactorTable.1
                0x0000000008001484       0x10 ./Drivers/STM32F1xx_HAL_Driver/Src/stm32f1xx_hal_rcc.o
 .rodata.aPredivFactorTable.0
                0x0000000008001494        0x2 ./Drivers/STM32F1xx_HAL_Driver/Src/stm32f1xx_hal_rcc.o
                0x0000000008001498                . = ALIGN (0x4)
 *fill*         0x0000000008001496        0x2 

.rel.dyn        0x0000000008001498        0x0
 .rel.iplt      0x0000000008001498        0x0 c:/st/stm32cubeide_1.12.1/stm32cubeide/plugins/com.st.stm32cube.ide.mcu.externaltools.gnu-tools-for-stm32.10.3-2021.10.win32_1.0.200.202301161003/tools/bin/../lib/gcc/arm-none-eabi/10.3.1/thumb/v7-m/nofp/crtbegin.o

.ARM.extab      0x0000000008001498        0x0
                0x0000000008001498                . = ALIGN (0x4)
 *(.ARM.extab* .gnu.linkonce.armextab.*)
                0x0000000008001498                . = ALIGN (0x4)

.ARM            0x0000000008001498        0x0
                0x0000000008001498                . = ALIGN (0x4)
                0x0000000008001498                __exidx_start = .
 *(.ARM.exidx*)
                0x0000000008001498                __exidx_end = .
                0x0000000008001498                . = ALIGN (0x4)

.preinit_array  0x0000000008001498        0x0
                0x0000000008001498                . = ALIGN (0x4)
                0x0000000008001498                PROVIDE (__preinit_array_start = .)
 *(.preinit_array*)
                0x0000000008001498                PROVIDE (__preinit_array_end = .)
                0x0000000008001498                . = ALIGN (0x4)

.init_array     0x0000000008001498        0x4
                0x0000000008001498                . = ALIGN (0x4)
                0x0000000008001498                PROVIDE (__init_array_start = .)
 *(SORT_BY_NAME(.init_array.*))
 *(.init_array*)
 .init_array    0x0000000008001498        0x4 c:/st/stm32cubeide_1.12.1/stm32cubeide/plugins/com.st.stm32cube.ide.mcu.externaltools.gnu-tools-for-stm32.10.3-2021.10.win32_1.0.200.202301161003/tools/bin/../lib/gcc/arm-none-eabi/10.3.1/thumb/v7-m/nofp/crtbegin.o
                0x000000000800149c                PROVIDE (__init_array_end = .)
                0x000000000800149c                . = ALIGN (0x4)

.fini_array     0x000000000800149c        0x4
                0x000000000800149c                . = ALIGN (0x4)
                [!provide]                        PROVIDE (__fini_array_start = .)
 *(SORT_BY_NAME(.fini_array.*))
 *(.fini_array*)
 .fini_array    0x000000000800149c        0x4 c:/st/stm32cubeide_1.12.1/stm32cubeide/plugins/com.st.stm32cube.ide.mcu.externaltools.gnu-tools-for-stm32.10.3-2021.10.win32_1.0.200.202301161003/tools/bin/../lib/gcc/arm-none-eabi/10.3.1/thumb/v7-m/nofp/crtbegin.o
                [!provide]                        PROVIDE (__fini_array_end = .)
                0x00000000080014a0                . = ALIGN (0x4)
                0x00000000080014a0                _sidata = LOADADDR (.data)

.data           0x0000000020000000        0xc load address 0x00000000080014a0
                0x0000000020000000                . = ALIGN (0x4)
                0x0000000020000000                _sdata = .
 *(.data)
 *(.data*)
 .data.SystemCoreClock
                0x0000000020000000        0x4 ./Core/Src/system_stm32f1xx.o
                0x0000000020000000                SystemCoreClock
 .data.uwTickPrio
                0x0000000020000004        0x4 ./Drivers/STM32F1xx_HAL_Driver/Src/stm32f1xx_hal.o
                0x0000000020000004                uwTickPrio
 .data.uwTickFreq
                0x0000000020000008        0x1 ./Drivers/STM32F1xx_HAL_Driver/Src/stm32f1xx_hal.o
                0x0000000020000008                uwTickFreq
 *(.RamFunc)
 *(.RamFunc*)
                0x000000002000000c                . = ALIGN (0x4)
 *fill*         0x0000000020000009        0x3 
                0x000000002000000c                _edata = .

.igot.plt       0x000000002000000c        0x0 load address 0x00000000080014ac
 .igot.plt      0x000000002000000c        0x0 c:/st/stm32cubeide_1.12.1/stm32cubeide/plugins/com.st.stm32cube.ide.mcu.externaltools.gnu-tools-for-stm32.10.3-2021.10.win32_1.0.200.202301161003/tools/bin/../lib/gcc/arm-none-eabi/10.3.1/thumb/v7-m/nofp/crtbegin.o
                0x000000002000000c                . = ALIGN (0x4)

.bss            0x000000002000000c       0x20 load address 0x00000000080014ac
                0x000000002000000c                _sbss = .
                0x000000002000000c                __bss_start__ = _sbss
 *(.bss)
 .bss           0x000000002000000c       0x1c c:/st/stm32cubeide_1.12.1/stm32cubeide/plugins/com.st.stm32cube.ide.mcu.externaltools.gnu-tools-for-stm32.10.3-2021.10.win32_1.0.200.202301161003/tools/bin/../lib/gcc/arm-none-eabi/10.3.1/thumb/v7-m/nofp/crtbegin.o
 *(.bss*)
 .bss.uwTick    0x0000000020000028        0x4 ./Drivers/STM32F1xx_HAL_Driver/Src/stm32f1xx_hal.o
                0x0000000020000028                uwTick
 *(COMMON)
                0x000000002000002c                . = ALIGN (0x4)
                0x000000002000002c                _ebss = .
                0x000000002000002c                __bss_end__ = _ebss

._user_heap_stack
                0x000000002000002c      0x604 load address 0x00000000080014ac
                0x0000000020000030                . = ALIGN (0x8)
 *fill*         0x000000002000002c        0x4 
                [!provide]                        PROVIDE (end = .)
                0x0000000020000030                PROVIDE (_end = .)
                0x0000000020000230                . = (. + _Min_Heap_Size)
 *fill*         0x0000000020000030      0x200 
                0x0000000020000630                . = (. + _Min_Stack_Size)
 *fill*         0x0000000020000230      0x400 
                0x0000000020000630                . = ALIGN (0x8)

/DISCARD/
 libc.a(*)
 libm.a(*)
 libgcc.a(*)

.ARM.attributes
                0x0000000000000000       0x29
 *(.ARM.attributes)
 .ARM.attributes
                0x0000000000000000       0x1d c:/st/stm32cubeide_1.12.1/stm32cubeide/plugins/com.st.stm32cube.ide.mcu.externaltools.gnu-tools-for-stm32.10.3-2021.10.win32_1.0.200.202301161003/tools/bin/../lib/gcc/arm-none-eabi/10.3.1/thumb/v7-m/nofp/crti.o
 .ARM.attributes
                0x000000000000001d       0x2d c:/st/stm32cubeide_1.12.1/stm32cubeide/plugins/com.st.stm32cube.ide.mcu.externaltools.gnu-tools-for-stm32.10.3-2021.10.win32_1.0.200.202301161003/tools/bin/../lib/gcc/arm-none-eabi/10.3.1/thumb/v7-m/nofp/crtbegin.o
 .ARM.attributes
                0x000000000000004a       0x2d ./Core/Src/lcd.o
 .ARM.attributes
                0x0000000000000077       0x2d ./Core/Src/main.o
 .ARM.attributes
                0x00000000000000a4       0x2d ./Core/Src/stm32f1xx_hal_msp.o
 .ARM.attributes
                0x00000000000000d1       0x2d ./Core/Src/stm32f1xx_it.o
 .ARM.attributes
                0x00000000000000fe       0x2d ./Core/Src/system_stm32f1xx.o
 .ARM.attributes
                0x000000000000012b       0x21 ./Core/Startup/startup_stm32f103r6tx.o
 .ARM.attributes
                0x000000000000014c       0x2d ./Drivers/STM32F1xx_HAL_Driver/Src/stm32f1xx_hal.o
 .ARM.attributes
                0x0000000000000179       0x2d ./Drivers/STM32F1xx_HAL_Driver/Src/stm32f1xx_hal_cortex.o
 .ARM.attributes
                0x00000000000001a6       0x2d ./Drivers/STM32F1xx_HAL_Driver/Src/stm32f1xx_hal_gpio.o
 .ARM.attributes
                0x00000000000001d3       0x2d ./Drivers/STM32F1xx_HAL_Driver/Src/stm32f1xx_hal_rcc.o
 .ARM.attributes
                0x0000000000000200       0x2d c:/st/stm32cubeide_1.12.1/stm32cubeide/plugins/com.st.stm32cube.ide.mcu.externaltools.gnu-tools-for-stm32.10.3-2021.10.win32_1.0.200.202301161003/tools/bin/../lib/gcc/arm-none-eabi/10.3.1/../../../../arm-none-eabi/lib/thumb/v7-m/nofp\libc_nano.a(lib_a-init.o)
 .ARM.attributes
                0x000000000000022d       0x2d c:/st/stm32cubeide_1.12.1/stm32cubeide/plugins/com.st.stm32cube.ide.mcu.externaltools.gnu-tools-for-stm32.10.3-2021.10.win32_1.0.200.202301161003/tools/bin/../lib/gcc/arm-none-eabi/10.3.1/../../../../arm-none-eabi/lib/thumb/v7-m/nofp\libc_nano.a(lib_a-memset.o)
 .ARM.attributes
                0x000000000000025a       0x17 c:/st/stm32cubeide_1.12.1/stm32cubeide/plugins/com.st.stm32cube.ide.mcu.externaltools.gnu-tools-for-stm32.10.3-2021.10.win32_1.0.200.202301161003/tools/bin/../lib/gcc/arm-none-eabi/10.3.1/../../../../arm-none-eabi/lib/thumb/v7-m/nofp\libc_nano.a(lib_a-strlen.o)
 .ARM.attributes
                0x0000000000000271       0x1d c:/st/stm32cubeide_1.12.1/stm32cubeide/plugins/com.st.stm32cube.ide.mcu.externaltools.gnu-tools-for-stm32.10.3-2021.10.win32_1.0.200.202301161003/tools/bin/../lib/gcc/arm-none-eabi/10.3.1/thumb/v7-m/nofp/crtn.o
OUTPUT(LCD.elf elf32-littlearm)
LOAD linker stubs
LOAD c:/st/stm32cubeide_1.12.1/stm32cubeide/plugins/com.st.stm32cube.ide.mcu.externaltools.gnu-tools-for-stm32.10.3-2021.10.win32_1.0.200.202301161003/tools/bin/../lib/gcc/arm-none-eabi/10.3.1/../../../../arm-none-eabi/lib/thumb/v7-m/nofp\libc.a
LOAD c:/st/stm32cubeide_1.12.1/stm32cubeide/plugins/com.st.stm32cube.ide.mcu.externaltools.gnu-tools-for-stm32.10.3-2021.10.win32_1.0.200.202301161003/tools/bin/../lib/gcc/arm-none-eabi/10.3.1/../../../../arm-none-eabi/lib/thumb/v7-m/nofp\libm.a
LOAD c:/st/stm32cubeide_1.12.1/stm32cubeide/plugins/com.st.stm32cube.ide.mcu.externaltools.gnu-tools-for-stm32.10.3-2021.10.win32_1.0.200.202301161003/tools/bin/../lib/gcc/arm-none-eabi/10.3.1/thumb/v7-m/nofp\libgcc.a

.debug_info     0x0000000000000000     0x31c6
 .debug_info    0x0000000000000000      0x5e5 ./Core/Src/lcd.o
 .debug_info    0x00000000000005e5      0x64e ./Core/Src/main.o
 .debug_info    0x0000000000000c33      0x180 ./Core/Src/stm32f1xx_hal_msp.o
 .debug_info    0x0000000000000db3      0x122 ./Core/Src/stm32f1xx_it.o
 .debug_info    0x0000000000000ed5      0x23d ./Core/Src/system_stm32f1xx.o
 .debug_info    0x0000000000001112       0x22 ./Core/Startup/startup_stm32f103r6tx.o
 .debug_info    0x0000000000001134      0x716 ./Drivers/STM32F1xx_HAL_Driver/Src/stm32f1xx_hal.o
 .debug_info    0x000000000000184a      0xb02 ./Drivers/STM32F1xx_HAL_Driver/Src/stm32f1xx_hal_cortex.o
 .debug_info    0x000000000000234c      0x615 ./Drivers/STM32F1xx_HAL_Driver/Src/stm32f1xx_hal_gpio.o
 .debug_info    0x0000000000002961      0x865 ./Drivers/STM32F1xx_HAL_Driver/Src/stm32f1xx_hal_rcc.o

.debug_abbrev   0x0000000000000000      0xfcb
 .debug_abbrev  0x0000000000000000      0x1f6 ./Core/Src/lcd.o
 .debug_abbrev  0x00000000000001f6      0x207 ./Core/Src/main.o
 .debug_abbrev  0x00000000000003fd       0xc2 ./Core/Src/stm32f1xx_hal_msp.o
 .debug_abbrev  0x00000000000004bf       0x74 ./Core/Src/stm32f1xx_it.o
 .debug_abbrev  0x0000000000000533      0x13b ./Core/Src/system_stm32f1xx.o
 .debug_abbrev  0x000000000000066e       0x12 ./Core/Startup/startup_stm32f103r6tx.o
 .debug_abbrev  0x0000000000000680      0x1fb ./Drivers/STM32F1xx_HAL_Driver/Src/stm32f1xx_hal.o
 .debug_abbrev  0x000000000000087b      0x2ed ./Drivers/STM32F1xx_HAL_Driver/Src/stm32f1xx_hal_cortex.o
 .debug_abbrev  0x0000000000000b68      0x1bb ./Drivers/STM32F1xx_HAL_Driver/Src/stm32f1xx_hal_gpio.o
 .debug_abbrev  0x0000000000000d23      0x2a8 ./Drivers/STM32F1xx_HAL_Driver/Src/stm32f1xx_hal_rcc.o

.debug_aranges  0x0000000000000000      0x438
 .debug_aranges
                0x0000000000000000       0x68 ./Core/Src/lcd.o
 .debug_aranges
                0x0000000000000068       0x38 ./Core/Src/main.o
 .debug_aranges
                0x00000000000000a0       0x20 ./Core/Src/stm32f1xx_hal_msp.o
 .debug_aranges
                0x00000000000000c0       0x60 ./Core/Src/stm32f1xx_it.o
 .debug_aranges
                0x0000000000000120       0x28 ./Core/Src/system_stm32f1xx.o
 .debug_aranges
                0x0000000000000148       0x28 ./Core/Startup/startup_stm32f103r6tx.o
 .debug_aranges
                0x0000000000000170       0xe0 ./Drivers/STM32F1xx_HAL_Driver/Src/stm32f1xx_hal.o
 .debug_aranges
                0x0000000000000250      0x100 ./Drivers/STM32F1xx_HAL_Driver/Src/stm32f1xx_hal_cortex.o
 .debug_aranges
                0x0000000000000350       0x58 ./Drivers/STM32F1xx_HAL_Driver/Src/stm32f1xx_hal_gpio.o
 .debug_aranges
                0x00000000000003a8       0x90 ./Drivers/STM32F1xx_HAL_Driver/Src/stm32f1xx_hal_rcc.o

.debug_ranges   0x0000000000000000      0x3a0
 .debug_ranges  0x0000000000000000       0x58 ./Core/Src/lcd.o
 .debug_ranges  0x0000000000000058       0x28 ./Core/Src/main.o
 .debug_ranges  0x0000000000000080       0x10 ./Core/Src/stm32f1xx_hal_msp.o
 .debug_ranges  0x0000000000000090       0x50 ./Core/Src/stm32f1xx_it.o
 .debug_ranges  0x00000000000000e0       0x18 ./Core/Src/system_stm32f1xx.o
 .debug_ranges  0x00000000000000f8       0x20 ./Core/Startup/startup_stm32f103r6tx.o
 .debug_ranges  0x0000000000000118       0xd0 ./Drivers/STM32F1xx_HAL_Driver/Src/stm32f1xx_hal.o
 .debug_ranges  0x00000000000001e8       0xf0 ./Drivers/STM32F1xx_HAL_Driver/Src/stm32f1xx_hal_cortex.o
 .debug_ranges  0x00000000000002d8       0x48 ./Drivers/STM32F1xx_HAL_Driver/Src/stm32f1xx_hal_gpio.o
 .debug_ranges  0x0000000000000320       0x80 ./Drivers/STM32F1xx_HAL_Driver/Src/stm32f1xx_hal_rcc.o

.debug_macro    0x0000000000000000    0x165d9
 .debug_macro   0x0000000000000000      0x329 ./Core/Src/lcd.o
 .debug_macro   0x0000000000000329      0xa6c ./Core/Src/lcd.o
 .debug_macro   0x0000000000000d95      0x20f ./Core/Src/lcd.o
 .debug_macro   0x0000000000000fa4       0x2e ./Core/Src/lcd.o
 .debug_macro   0x0000000000000fd2       0x22 ./Core/Src/lcd.o
 .debug_macro   0x0000000000000ff4       0x22 ./Core/Src/lcd.o
 .debug_macro   0x0000000000001016       0x8e ./Core/Src/lcd.o
 .debug_macro   0x00000000000010a4       0x51 ./Core/Src/lcd.o
 .debug_macro   0x00000000000010f5      0x103 ./Core/Src/lcd.o
 .debug_macro   0x00000000000011f8       0x6a ./Core/Src/lcd.o
 .debug_macro   0x0000000000001262      0x1df ./Core/Src/lcd.o
 .debug_macro   0x0000000000001441       0x1c ./Core/Src/lcd.o
 .debug_macro   0x000000000000145d       0x22 ./Core/Src/lcd.o
 .debug_macro   0x000000000000147f       0xbd ./Core/Src/lcd.o
 .debug_macro   0x000000000000153c      0xd23 ./Core/Src/lcd.o
 .debug_macro   0x000000000000225f     0xde75 ./Core/Src/lcd.o
 .debug_macro   0x00000000000100d4       0x6d ./Core/Src/lcd.o
 .debug_macro   0x0000000000010141     0x348d ./Core/Src/lcd.o
 .debug_macro   0x00000000000135ce      0x174 ./Core/Src/lcd.o
 .debug_macro   0x0000000000013742       0x5c ./Core/Src/lcd.o
 .debug_macro   0x000000000001379e      0x5bc ./Core/Src/lcd.o
 .debug_macro   0x0000000000013d5a      0x1b7 ./Core/Src/lcd.o
 .debug_macro   0x0000000000013f11      0x1cb ./Core/Src/lcd.o
 .debug_macro   0x00000000000140dc      0x114 ./Core/Src/lcd.o
 .debug_macro   0x00000000000141f0      0x1b2 ./Core/Src/lcd.o
 .debug_macro   0x00000000000143a2       0x27 ./Core/Src/lcd.o
 .debug_macro   0x00000000000143c9      0x12f ./Core/Src/lcd.o
 .debug_macro   0x00000000000144f8      0x1bc ./Core/Src/lcd.o
 .debug_macro   0x00000000000146b4       0x34 ./Core/Src/lcd.o
 .debug_macro   0x00000000000146e8       0x3c ./Core/Src/lcd.o
 .debug_macro   0x0000000000014724       0x57 ./Core/Src/lcd.o
 .debug_macro   0x000000000001477b       0x87 ./Core/Src/lcd.o
 .debug_macro   0x0000000000014802      0x183 ./Core/Src/lcd.o
 .debug_macro   0x0000000000014985      0x140 ./Core/Src/lcd.o
 .debug_macro   0x0000000000014ac5       0x69 ./Core/Src/lcd.o
 .debug_macro   0x0000000000014b2e       0x52 ./Core/Src/lcd.o
 .debug_macro   0x0000000000014b80       0x18 ./Core/Src/lcd.o
 .debug_macro   0x0000000000014b98       0x3c ./Core/Src/lcd.o
 .debug_macro   0x0000000000014bd4       0x34 ./Core/Src/lcd.o
 .debug_macro   0x0000000000014c08       0x16 ./Core/Src/lcd.o
 .debug_macro   0x0000000000014c1e       0x43 ./Core/Src/lcd.o
 .debug_macro   0x0000000000014c61       0x34 ./Core/Src/lcd.o
 .debug_macro   0x0000000000014c95       0x10 ./Core/Src/lcd.o
 .debug_macro   0x0000000000014ca5       0x58 ./Core/Src/lcd.o
 .debug_macro   0x0000000000014cfd       0x71 ./Core/Src/lcd.o
 .debug_macro   0x0000000000014d6e       0x1c ./Core/Src/lcd.o
 .debug_macro   0x0000000000014d8a      0x12a ./Core/Src/lcd.o
 .debug_macro   0x0000000000014eb4      0x341 ./Core/Src/lcd.o
 .debug_macro   0x00000000000151f5       0x10 ./Core/Src/lcd.o
 .debug_macro   0x0000000000015205       0x35 ./Core/Src/lcd.o
 .debug_macro   0x000000000001523a       0x20 ./Core/Src/lcd.o
 .debug_macro   0x000000000001525a       0x1c ./Core/Src/lcd.o
 .debug_macro   0x0000000000015276       0x10 ./Core/Src/lcd.o
 .debug_macro   0x0000000000015286       0x10 ./Core/Src/lcd.o
 .debug_macro   0x0000000000015296       0x1c ./Core/Src/lcd.o
 .debug_macro   0x00000000000152b2       0x52 ./Core/Src/lcd.o
 .debug_macro   0x0000000000015304       0x22 ./Core/Src/lcd.o
 .debug_macro   0x0000000000015326       0x10 ./Core/Src/lcd.o
 .debug_macro   0x0000000000015336       0x52 ./Core/Src/lcd.o
 .debug_macro   0x0000000000015388       0xd5 ./Core/Src/lcd.o
 .debug_macro   0x000000000001545d       0x1c ./Core/Src/lcd.o
 .debug_macro   0x0000000000015479       0x3d ./Core/Src/lcd.o
 .debug_macro   0x00000000000154b6       0x16 ./Core/Src/lcd.o
 .debug_macro   0x00000000000154cc      0x145 ./Core/Src/lcd.o
 .debug_macro   0x0000000000015611       0x52 ./Core/Src/lcd.o
 .debug_macro   0x0000000000015663       0xa0 ./Core/Src/lcd.o
 .debug_macro   0x0000000000015703      0x333 ./Core/Src/main.o
 .debug_macro   0x0000000000015a36       0x4c ./Core/Src/main.o
 .debug_macro   0x0000000000015a82      0x191 ./Core/Src/stm32f1xx_hal_msp.o
 .debug_macro   0x0000000000015c13      0x19b ./Core/Src/stm32f1xx_it.o
 .debug_macro   0x0000000000015dae      0x182 ./Core/Src/system_stm32f1xx.o
 .debug_macro   0x0000000000015f30      0x1a6 ./Drivers/STM32F1xx_HAL_Driver/Src/stm32f1xx_hal.o
 .debug_macro   0x00000000000160d6      0x182 ./Drivers/STM32F1xx_HAL_Driver/Src/stm32f1xx_hal_cortex.o
 .debug_macro   0x0000000000016258      0x1ed ./Drivers/STM32F1xx_HAL_Driver/Src/stm32f1xx_hal_gpio.o
 .debug_macro   0x0000000000016445      0x194 ./Drivers/STM32F1xx_HAL_Driver/Src/stm32f1xx_hal_rcc.o

.debug_line     0x0000000000000000     0x513b
 .debug_line    0x0000000000000000      0xa05 ./Core/Src/lcd.o
 .debug_line    0x0000000000000a05      0x8f6 ./Core/Src/main.o
 .debug_line    0x00000000000012fb      0x630 ./Core/Src/stm32f1xx_hal_msp.o
 .debug_line    0x000000000000192b      0x6f3 ./Core/Src/stm32f1xx_it.o
 .debug_line    0x000000000000201e      0x6af ./Core/Src/system_stm32f1xx.o
 .debug_line    0x00000000000026cd       0x86 ./Core/Startup/startup_stm32f103r6tx.o
 .debug_line    0x0000000000002753      0x8dc ./Drivers/STM32F1xx_HAL_Driver/Src/stm32f1xx_hal.o
 .debug_line    0x000000000000302f      0xac4 ./Drivers/STM32F1xx_HAL_Driver/Src/stm32f1xx_hal_cortex.o
 .debug_line    0x0000000000003af3      0x960 ./Drivers/STM32F1xx_HAL_Driver/Src/stm32f1xx_hal_gpio.o
 .debug_line    0x0000000000004453      0xce8 ./Drivers/STM32F1xx_HAL_Driver/Src/stm32f1xx_hal_rcc.o

.debug_str      0x0000000000000000    0x7d7d6
 .debug_str     0x0000000000000000    0x7c602 ./Core/Src/lcd.o
                                      0x7c969 (size before relaxing)
 .debug_str     0x000000000007c602      0x256 ./Core/Src/main.o
                                      0x7cafb (size before relaxing)
 .debug_str     0x000000000007c858       0x2c ./Core/Src/stm32f1xx_hal_msp.o
                                      0x7889c (size before relaxing)
 .debug_str     0x000000000007c884       0xc9 ./Core/Src/stm32f1xx_it.o
                                      0x788df (size before relaxing)
 .debug_str     0x000000000007c94d       0x7e ./Core/Src/system_stm32f1xx.o
                                      0x78819 (size before relaxing)
 .debug_str     0x000000000007c9cb       0x36 ./Core/Startup/startup_stm32f103r6tx.o
                                         0x6c (size before relaxing)
 .debug_str     0x000000000007ca01      0x5cd ./Drivers/STM32F1xx_HAL_Driver/Src/stm32f1xx_hal.o
                                      0x78f12 (size before relaxing)
 .debug_str     0x000000000007cfce      0x2c5 ./Drivers/STM32F1xx_HAL_Driver/Src/stm32f1xx_hal_cortex.o
                                      0x78e5e (size before relaxing)
 .debug_str     0x000000000007d293      0x31a ./Drivers/STM32F1xx_HAL_Driver/Src/stm32f1xx_hal_gpio.o
                                      0x78b9f (size before relaxing)
 .debug_str     0x000000000007d5ad      0x229 ./Drivers/STM32F1xx_HAL_Driver/Src/stm32f1xx_hal_rcc.o
                                      0x78c48 (size before relaxing)

.comment        0x0000000000000000       0x50
 .comment       0x0000000000000000       0x50 ./Core/Src/lcd.o
                                         0x51 (size before relaxing)
 .comment       0x0000000000000050       0x51 ./Core/Src/main.o
 .comment       0x0000000000000050       0x51 ./Core/Src/stm32f1xx_hal_msp.o
 .comment       0x0000000000000050       0x51 ./Core/Src/stm32f1xx_it.o
 .comment       0x0000000000000050       0x51 ./Core/Src/system_stm32f1xx.o
 .comment       0x0000000000000050       0x51 ./Drivers/STM32F1xx_HAL_Driver/Src/stm32f1xx_hal.o
 .comment       0x0000000000000050       0x51 ./Drivers/STM32F1xx_HAL_Driver/Src/stm32f1xx_hal_cortex.o
 .comment       0x0000000000000050       0x51 ./Drivers/STM32F1xx_HAL_Driver/Src/stm32f1xx_hal_gpio.o
 .comment       0x0000000000000050       0x51 ./Drivers/STM32F1xx_HAL_Driver/Src/stm32f1xx_hal_rcc.o

.debug_frame    0x0000000000000000      0xeb0
 .debug_frame   0x0000000000000000      0x180 ./Core/Src/lcd.o
 .debug_frame   0x0000000000000180       0x90 ./Core/Src/main.o
 .debug_frame   0x0000000000000210       0x38 ./Core/Src/stm32f1xx_hal_msp.o
 .debug_frame   0x0000000000000248      0x104 ./Core/Src/stm32f1xx_it.o
 .debug_frame   0x000000000000034c       0x58 ./Core/Src/system_stm32f1xx.o
 .debug_frame   0x00000000000003a4      0x334 ./Drivers/STM32F1xx_HAL_Driver/Src/stm32f1xx_hal.o
 .debug_frame   0x00000000000006d8      0x428 ./Drivers/STM32F1xx_HAL_Driver/Src/stm32f1xx_hal_cortex.o
 .debug_frame   0x0000000000000b00      0x14c ./Drivers/STM32F1xx_HAL_Driver/Src/stm32f1xx_hal_gpio.o
 .debug_frame   0x0000000000000c4c      0x218 ./Drivers/STM32F1xx_HAL_Driver/Src/stm32f1xx_hal_rcc.o
 .debug_frame   0x0000000000000e64       0x2c c:/st/stm32cubeide_1.12.1/stm32cubeide/plugins/com.st.stm32cube.ide.mcu.externaltools.gnu-tools-for-stm32.10.3-2021.10.win32_1.0.200.202301161003/tools/bin/../lib/gcc/arm-none-eabi/10.3.1/../../../../arm-none-eabi/lib/thumb/v7-m/nofp\libc_nano.a(lib_a-init.o)
 .debug_frame   0x0000000000000e90       0x20 c:/st/stm32cubeide_1.12.1/stm32cubeide/plugins/com.st.stm32cube.ide.mcu.externaltools.gnu-tools-for-stm32.10.3-2021.10.win32_1.0.200.202301161003/tools/bin/../lib/gcc/arm-none-eabi/10.3.1/../../../../arm-none-eabi/lib/thumb/v7-m/nofp\libc_nano.a(lib_a-memset.o)
